<prover>
  <k>
    .
  </k>
  <goals>
    .GoalCellSet
  </goals>
  <declarations>
    .DeclarationCellSet
  </declarations>
</prover>
