<prover>
  <k>
    \exists { Vz { RefGTyp } , Vy { RefGTyp } , Vx { RefGTyp } , .Patterns } \and ( \not ( List ( Vx { RefGTyp } , Vz { RefGTyp } , .Patterns ) ) , sep ( List ( Vx { RefGTyp } , Vy { RefGTyp } , .Patterns ) , List ( Vy { RefGTyp } , Vz { RefGTyp } , .Patterns ) , .Patterns ) , .Patterns )
  </k>
  <goals>
    <goal>
      active: true, id: root, parent: .
      <claim>
        \implies ( \and ( sep ( List ( Vx { RefGTyp } , Vy { RefGTyp } , .Patterns ) , List ( Vy { RefGTyp } , Vz { RefGTyp } , .Patterns ) , .Patterns ) , .Patterns ) , \exists { .Patterns } \and ( sep ( List ( Vx { RefGTyp } , Vz { RefGTyp } , .Patterns ) , .Patterns ) , .Patterns ) )
      </claim>
      <strategy>
        success
      </strategy>
      <trace>
        .
      </trace>
    </goal>
  </goals>
  <declarations>
    <declaration>
      axiom \forall { Vx { RefGTyp } , Vy { RefGTyp } , .Patterns } \iff-lfp ( List ( Vx { RefGTyp } , Vy { RefGTyp } , .Patterns ) , \or ( \exists { .Patterns } \and ( \not ( \equals ( nil ( .Patterns ) , Vx { RefGTyp } ) ) , pto ( Vx { RefGTyp } , c_GTyp ( Vy { RefGTyp } , .Patterns ) , .Patterns ) , .Patterns ) , \exists { Vxp { RefGTyp } , .Patterns } \and ( \not ( \equals ( nil ( .Patterns ) , Vx { RefGTyp } ) ) , sep ( pto ( Vx { RefGTyp } , c_GTyp ( Vxp { RefGTyp } , .Patterns ) , .Patterns ) , List ( Vxp { RefGTyp } , Vy { RefGTyp } , .Patterns ) , .Patterns ) , .Patterns ) , .Patterns ) )
    </declaration> <declaration>
      axiom functional ( List )
    </declaration> <declaration>
      axiom functional ( nil )
    </declaration> <declaration>
      axiom heap ( RefGTyp , GTyp )
    </declaration> <declaration>
      sort GTyp
    </declaration> <declaration>
      sort Heap
    </declaration> <declaration>
      sort RefGTyp
    </declaration> <declaration>
      symbol List ( RefGTyp , RefGTyp , .Sorts ) : Heap
    </declaration> <declaration>
      symbol c_GTyp ( RefGTyp , .Sorts ) : GTyp
    </declaration> <declaration>
      symbol emp ( .Sorts ) : Heap
    </declaration> <declaration>
      symbol nil ( .Sorts ) : RefGTyp
    </declaration> <declaration>
      symbol pto ( RefGTyp , GTyp , .Sorts ) : Heap
    </declaration> <declaration>
      symbol sep ( Heap , Heap , .Sorts ) : Heap
    </declaration>
  </declarations>
</prover>
